// Jest Snapshot v1, https://goo.gl/fbAQLP

exports[`<Container /> renders correctly 1`] = `
<div
  className="chakra-container css-0"
  data-testid="Container"
>
  <div>
    children
  </div>
</div>
`;
